Microchip MPLAB XC8 Compiler V1.33 ()

Linker command line:

--edf=C:\Program Files (x86)\Microchip\xc8\v1.33\dat\en_msgs.txt -cs \
  -h+dist/default/debug\TimeLib_Test.X.debug.sym \
  --cmf=dist/default/debug\TimeLib_Test.X.debug.cmf -z -Q16F88 \
  -oC:\Users\Ruben\AppData\Local\Temp\srg.6 \
  -Mdist/default/debug/TimeLib_Test.X.debug.map -E1 -ver=XC8 \
  -ASTACK=0110h-016fh -pstack=STACK -ACONST=00h-0FFhx16 -ACODE=00h-07FFhx2 \
  -ASTRCODE=00h-0FFFh -AENTRY=00h-0FFhx16 -ASTRING=00h-0FFhx16 \
  -ACOMMON=070h-07Fh -ABANK0=020h-06Fh -ABANK1=0A0h-0EFh \
  -ABANK2=0110h-016Fh -ABANK3=0190h-01EFh \
  -ARAM=020h-06Fh,0A0h-0EFh,0110h-016Fh,0190h-01EFh \
  -AABS1=020h-07Fh,0A0h-0EFh,0110h-016Fh,0190h-01EFh -ASFR0=00h-01Fh \
  -ASFR1=080h-09Fh -ASFR2=0100h-010Fh -ASFR3=0180h-018Fh \
  -preset_vec=00h,intentry=04h,init,end_init -ppowerup=CODE -pcinit=CODE \
  -pfunctab=CODE -ACONFIG=02007h-02008h -pconfig=CONFIG -DCONFIG=2 \
  -AIDLOC=02000h-02003h -pidloc=IDLOC -DIDLOC=2 -AEEDATA=00h-0FFh/02100h \
  -peeprom_data=EEDATA -DEEDATA=2 -DCODE=2 -DSTRCODE=2 -DSTRING=2 -DCONST=2 \
  -DENTRY=2 -k C:\Users\Ruben\AppData\Local\Temp\srg.obj \
  dist/default/debug\TimeLib_Test.X.debug.obj 

Object code version is 3.11

Machine type is 16F88



                Name                               Link     Load   Length Selector   Space Scale
C:\Users\Ruben\AppData\Local\Temp\srg.obj
                end_init                             11       11        2        8       0
                reset_vec                             0        0        2        0       0
                config                             2007     2007        2     400E       0
dist/default/debug\TimeLib_Test.X.debug.obj
                cinit                                13       13       21        8       0
                functab                             100      100        8        2       0
                intentry                              4        4        D        8       0
                text21                              CF1      CF1       14     19E2       0
                text20                              CBE      CBE       10     197C       0
                text19                              E14      E14       40     1C28       0
                text18                              D6A      D6A       36     1AD4       0
                text17                              D1E      D1E       25     1A3C       0
                text16                              CB0      CB0        E     1960       0
                text15                               F3       F3        D      1E6       0
                text14                              4E8      4E8      175        2       0
                text13                              CCE      CCE       10     199C       0
                text12                               34       34       60        8       0
                text11                              E54      E54       4E     1CA8       0
                text10                              DD9      DD9       3B     1BB2       0
                text9                               108      108      225        2       0
                text8                               7BD      7BD       41        2       0
                text7                               32D      32D      1BB        2       0
                text6                               D05      D05       19     1A0A       0
                text5                               D43      D43       27     1A86       0
                text4                               CDE      CDE       13     19BC       0
                text3                               EA2      EA2       5E     1D44       0
                text2                               F00      F00      100     1E00       0
                text1                               DA0      DA0       39     1B40       0
                maintext                            65D      65D      160        2       0
                cstackBANK0                          20       20       31       20       1
                cstackCOMMON                         70       70        6       70       1
                cstackBANK1                          A0       A0       1A       A0       1
                bssBANK1                             C7       C7        6       A0       1
                dataBANK0                            55       55        4       20       1
                bssBANK0                             59       59        1       20       1
                bssCOMMON                            76       76        4       70       1
                nvBANK1                              BA       BA        D       A0       1
                nvBANK0                              51       51        4       20       1
                strings                              94       94       5F      128       0
                idataBANK0                          CAC      CAC        4     1958       0

TOTAL           Name                               Link     Load   Length     Space
        CLASS   STACK          

        CLASS   CONST          

        CLASS   CODE           
                end_init                             11       11        2         0
                cinit                                13       13       21         0
                functab                             100      100        8         0
                intentry                              4        4        D         0
                reset_vec                             0        0        2         0
                text21                              CF1      CF1       14         0
                text20                              CBE      CBE       10         0
                text19                              E14      E14       40         0
                text18                              D6A      D6A       36         0
                text17                              D1E      D1E       25         0
                text16                              CB0      CB0        E         0
                text15                               F3       F3        D         0
                text14                              4E8      4E8      175         0
                text13                              CCE      CCE       10         0
                text12                               34       34       60         0
                text11                              E54      E54       4E         0
                text10                              DD9      DD9       3B         0
                text9                               108      108      225         0
                text8                               7BD      7BD       41         0
                text7                               32D      32D      1BB         0
                text6                               D05      D05       19         0
                text5                               D43      D43       27         0
                text4                               CDE      CDE       13         0
                text3                               EA2      EA2       5E         0
                text2                               F00      F00      100         0
                text1                               DA0      DA0       39         0
                maintext                            65D      65D      160         0
                idataBANK0                          CAC      CAC        4         0

        CLASS   STRCODE        

        CLASS   ENTRY          

        CLASS   STRING         
                strings                              94       94       5F         0

        CLASS   COMMON         
                cstackCOMMON                         70       70        6         1
                bssCOMMON                            76       76        4         1

        CLASS   BANK0          
                cstackBANK0                          20       20       31         1
                dataBANK0                            55       55        4         1
                bssBANK0                             59       59        1         1
                nvBANK0                              51       51        4         1

        CLASS   BANK1          
                cstackBANK1                          A0       A0       1A         1
                bssBANK1                             C7       C7        6         1
                nvBANK1                              BA       BA        D         1

        CLASS   BANK2          

        CLASS   BANK3          

        CLASS   RAM            

        CLASS   ABS1           
                abs_s1                               7E       7E        2         1

        CLASS   SFR0           

        CLASS   SFR1           

        CLASS   SFR2           

        CLASS   SFR3           

        CLASS   CONFIG         
                config                             2007     2007        2         0

        CLASS   IDLOC          

        CLASS   EEDATA         



SEGMENTS        Name                           Load    Length   Top    Selector   Space  Class     Delta

                reset_vec                      000000  000002  000002         0       0  CODE        2
                intentry                       000004  000090  000094         8       0  CODE        2
                cstackBANK0                    000020  00003A  00005A        20       1  BANK0       1
                cstackCOMMON                   000070  00000A  00007A        70       1  COMMON      1
                cstackBANK1                    0000A0  00002D  0000CD        A0       1  BANK1       1
                strings                        000094  00005F  0000F3       128       0  STRING      2
                text15                         0000F3  00000D  000100       1E6       0  CODE        2
                functab                        000100  0006FE  0007FE         2       0  CODE        2
                idataBANK0                     000CAC  000004  000CB0      1958       0  CODE        2
                text16                         000CB0  00000E  000CBE      1960       0  CODE        2
                text20                         000CBE  000010  000CCE      197C       0  CODE        2
                text13                         000CCE  000010  000CDE      199C       0  CODE        2
                text4                          000CDE  000013  000CF1      19BC       0  CODE        2
                text21                         000CF1  000014  000D05      19E2       0  CODE        2
                text6                          000D05  000019  000D1E      1A0A       0  CODE        2
                text17                         000D1E  000025  000D43      1A3C       0  CODE        2
                text5                          000D43  000027  000D6A      1A86       0  CODE        2
                text18                         000D6A  000036  000DA0      1AD4       0  CODE        2
                text1                          000DA0  000039  000DD9      1B40       0  CODE        2
                text10                         000DD9  00003B  000E14      1BB2       0  CODE        2
                text19                         000E14  000040  000E54      1C28       0  CODE        2
                text11                         000E54  00004E  000EA2      1CA8       0  CODE        2
                text3                          000EA2  00005E  000F00      1D44       0  CODE        2
                text2                          000F00  000100  001000      1E00       0  CODE        2
                config                         002007  000002  002009      400E       0  CONFIG      2


UNUSED ADDRESS RANGES

        Name                Unused          Largest block    Delta
        BANK0            005A-006F             16           1
        BANK1            00CD-00EF             23           1
        BANK2            0110-016F             60           1
        BANK3            0190-01EF             60           1
        CODE             0002-0003              2           2
                         07FE-0CAB              2
        COMMON           007A-007D              4           1
        CONST            0002-0003              2           2
                         07FE-0CAB            100
        EEDATA           2100-21FF            100           2
        ENTRY            0002-0003              2           2
                         07FE-0CAB            100
        IDLOC            2000-2003              4           2
        RAM              005A-006F             16           1
                         00CD-00EF             23
                         0110-016F             60
                         0190-01EF             60
        SFR0             0000-001F             20           1
        SFR1             0080-009F             20           1
        SFR2             0100-010F             10           1
        SFR3             0180-018F             10           1
        STACK            0110-016F             60           1
        STRCODE          0002-0003              2           2
                         07FE-0CAB            4AE
        STRING           0002-0003              2           2
                         07FE-0CAB            100

                                  Symbol Table

?___lldiv                    cstackBANK0  0020
?___llmod                    cstackBANK0  0020
?___lmul                     cstackBANK0  0020
?___lwdiv                    cstackBANK0  0020
?___lwmod                    cstackBANK0  0027
?___wmul                     cstackBANK0  0020
?_printf                     cstackBANK0  002C
?_tick_get                   cstackBANK0  0020
?_time_get                   cstackBANK0  002C
?_time_is_leap               cstackBANK0  002C
?_time_make                  cstackBANK0  0031
?_time_provider              cstackBANK0  0020
_ANSEL                       (abs)        009B
_INTCONbits                  (abs)        000B
_PIE1bits                    (abs)        008C
_PIR1bits                    (abs)        000C
_RCSTAbits                   (abs)        0018
_T1CON                       (abs)        0010
_TMR1H                       (abs)        000F
_TMR1L                       (abs)        000E
_TRISA                       (abs)        0085
_TRISB                       (abs)        0086
_TXREG                       (abs)        0019
_TXSTA                       (abs)        0098
__CFG_BOREN$OFF              (abs)        0000
__CFG_CCPMX$RB0              (abs)        0000
__CFG_CP$OFF                 (abs)        0000
__CFG_CPD$OFF                (abs)        0000
__CFG_FCMEN$OFF              (abs)        0000
__CFG_FOSC$XT                (abs)        0000
__CFG_IESO$OFF               (abs)        0000
__CFG_LVP$OFF                (abs)        0000
__CFG_MCLRE$ON               (abs)        0000
__CFG_PWRTE$OFF              (abs)        0000
__CFG_WDTE$OFF               (abs)        0000
__CFG_WRT$OFF                (abs)        0000
__Habs1                      abs1         0000
__Hbank0                     bank0        0000
__Hbank1                     bank1        0000
__Hbank2                     bank2        0000
__Hbank3                     bank3        0000
__HbssBANK0                  bssBANK0     0000
__HbssBANK1                  bssBANK1     0000
__HbssCOMMON                 bssCOMMON    0000
__Hcinit                     cinit        0034
__Hclrtext                   clrtext      0000
__Hcode                      code         0000
__Hcommon                    common       0000
__Hconfig                    config       2009
__HcstackBANK0               cstackBANK0  0000
__HcstackBANK1               cstackBANK1  0000
__HcstackCOMMON              cstackCOMMON 0000
__HdataBANK0                 dataBANK0    0000
__Heeprom_data               eeprom_data  0000
__Hend_init                  end_init     0013
__Hfunctab                   functab      0108
__HidataBANK0                idataBANK0   0000
__Hidloc                     idloc        0000
__Hinit                      init         0011
__Hintentry                  intentry     0011
__Hmaintext                  maintext     0000
__HnvBANK0                   nvBANK0      0000
__HnvBANK1                   nvBANK1      0000
__Hpowerup                   powerup      0000
__Hram                       ram          0000
__Hreset_vec                 reset_vec    0002
__Hsfr0                      sfr0         0000
__Hsfr1                      sfr1         0000
__Hsfr2                      sfr2         0000
__Hsfr3                      sfr3         0000
__Hspace_0                   (abs)        2009
__Hspace_1                   (abs)        00CD
__Hspace_2                   (abs)        0000
__Hspace_3                   (abs)        0000
__Hstack                     stack        0000
__Hstrings                   strings      0000
__Htext                      text         0000
__Labs1                      abs1         0000
__Lbank0                     bank0        0000
__Lbank1                     bank1        0000
__Lbank2                     bank2        0000
__Lbank3                     bank3        0000
__LbssBANK0                  bssBANK0     0000
__LbssBANK1                  bssBANK1     0000
__LbssCOMMON                 bssCOMMON    0000
__Lcinit                     cinit        0013
__Lclrtext                   clrtext      0000
__Lcode                      code         0000
__Lcommon                    common       0000
__Lconfig                    config       2007
__LcstackBANK0               cstackBANK0  0000
__LcstackBANK1               cstackBANK1  0000
__LcstackCOMMON              cstackCOMMON 0000
__LdataBANK0                 dataBANK0    0000
__Leeprom_data               eeprom_data  0000
__Lend_init                  end_init     0011
__Lfunctab                   functab      0100
__LidataBANK0                idataBANK0   0000
__Lidloc                     idloc        0000
__Linit                      init         0011
__Lintentry                  intentry     0004
__Lmaintext                  maintext     0000
__LnvBANK0                   nvBANK0      0000
__LnvBANK1                   nvBANK1      0000
__Lpowerup                   powerup      0000
__Lram                       ram          0000
__Lreset_vec                 reset_vec    0000
__Lsfr0                      sfr0         0000
__Lsfr1                      sfr1         0000
__Lsfr2                      sfr2         0000
__Lsfr3                      sfr3         0000
__Lspace_0                   (abs)        0000
__Lspace_1                   (abs)        0000
__Lspace_2                   (abs)        0000
__Lspace_3                   (abs)        0000
__Lstack                     stack        0000
__Lstrings                   strings      0000
__Ltext                      text         0000
__S0                         (abs)        2009
__S1                         (abs)        00CD
__S2                         (abs)        0000
__S3                         (abs)        0000
___int_sp                    stack        0000
___latbits                   (abs)        0001
___lldiv                     text12       0034
___lldiv@counter             cstackBANK0  002C
___lldiv@dividend            cstackBANK0  0024
___lldiv@divisor             cstackBANK0  0020
___lldiv@quotient            cstackBANK0  0028
___llmod                     text11       0E54
___llmod@counter             cstackCOMMON 0075
___llmod@dividend            cstackBANK0  0024
___llmod@divisor             cstackBANK0  0020
___lmul                      text8        07BD
___lmul@multiplicand         cstackBANK0  0024
___lmul@multiplier           cstackBANK0  0020
___lmul@product              cstackBANK0  0028
___lwdiv                     text19       0E14
___lwdiv@counter             cstackBANK0  0024
___lwdiv@dividend            cstackBANK0  0022
___lwdiv@divisor             cstackBANK0  0020
___lwdiv@quotient            cstackBANK0  0025
___lwmod                     text18       0D6A
___lwmod@counter             cstackBANK0  002B
___lwmod@dividend            cstackBANK0  0029
___lwmod@divisor             cstackBANK0  0027
___sp                        stack        0000
___wmul                      text17       0D1E
___wmul@multiplicand         cstackBANK0  0022
___wmul@multiplier           cstackBANK0  0020
___wmul@product              cstackCOMMON 0074
__end_of___lldiv             text12       0094
__end_of___llmod             text11       0EA2
__end_of___lmul              text8        07FE
__end_of___lwdiv             text19       0E54
__end_of___lwmod             text18       0DA0
__end_of___wmul              text17       0D43
__end_of__fptable            functab      0108
__end_of__initialization     cinit        0031
__end_of__stringdata         strings      00F3
__end_of__stringtab          strings      009A
__end_of_dpowers             strings      00B0
__end_of_isdigit             text16       0CBE
__end_of_isr                 text20       0CCE
__end_of_main                maintext     07BD
__end_of_month_length        strings      00A6
__end_of_printf              text14       065D
__end_of_putch               text15       0100
__end_of_tick_get            text4        0CF1
__end_of_tick_init           text13       0CDE
__end_of_tick_read_internal  text5        0D6A
__end_of_tick_update         text21       0D05
__end_of_time_break          text9        032D
__end_of_time_get            text2        1000
__end_of_time_is_leap        text10       0E14
__end_of_time_make           text7        04E8
__end_of_time_provider       text6        0D1E
__end_of_time_set            text3        0F00
__end_of_time_set_provider   text1        0DD9
__fptable                    functab      0100
__initialization             cinit        0013
__pbssBANK0                  bssBANK0     0059
__pbssBANK1                  bssBANK1     00C7
__pbssCOMMON                 bssCOMMON    0076
__pcstackBANK0               cstackBANK0  0020
__pcstackBANK1               cstackBANK1  00A0
__pcstackCOMMON              cstackCOMMON 0070
__pdataBANK0                 dataBANK0    0055
__pfunctab                   functab      0100
__pidataBANK0                idataBANK0   0CAC
__pintentry                  intentry     0004
__pmaintext                  maintext     065D
__pnvBANK0                   nvBANK0      0051
__pnvBANK1                   nvBANK1      00BA
__pstrings                   strings      0094
__ptext1                     text1        0DA0
__ptext10                    text10       0DD9
__ptext11                    text11       0E54
__ptext12                    text12       0034
__ptext13                    text13       0CCE
__ptext14                    text14       04E8
__ptext15                    text15       00F3
__ptext16                    text16       0CB0
__ptext17                    text17       0D1E
__ptext18                    text18       0D6A
__ptext19                    text19       0E14
__ptext2                     text2        0F00
__ptext20                    text20       0CBE
__ptext21                    text21       0CF1
__ptext3                     text3        0EA2
__ptext4                     text4        0CDE
__ptext5                     text5        0D43
__ptext6                     text6        0D05
__ptext7                     text7        032D
__ptext8                     text8        07BD
__ptext9                     text9        0108
__size_of___lldiv            (abs)        0000
__size_of___llmod            (abs)        0000
__size_of___lmul             (abs)        0000
__size_of___lwdiv            (abs)        0000
__size_of___lwmod            (abs)        0000
__size_of___wmul             (abs)        0000
__size_of__fptable           (abs)        0000
__size_of_isdigit            (abs)        0000
__size_of_isr                (abs)        0000
__size_of_main               (abs)        0000
__size_of_printf             (abs)        0000
__size_of_putch              (abs)        0000
__size_of_tick_get           (abs)        0000
__size_of_tick_init          (abs)        0000
__size_of_tick_read_internal (abs)        0000
__size_of_tick_update        (abs)        0000
__size_of_time_break         (abs)        0000
__size_of_time_get           (abs)        0000
__size_of_time_is_leap       (abs)        0000
__size_of_time_make          (abs)        0000
__size_of_time_provider      (abs)        0000
__size_of_time_set           (abs)        0000
__size_of_time_set_provider  (abs)        0000
__stringbase                 strings      0099
__stringdata                 strings      00B0
__stringtab                  strings      0094
_dpowers                     strings      00A6
_enTimeCurrentStatus         nvBANK1      00C6
_initialt                    nvBANK1      00BA
_isdigit                     text16       0CB0
_isdigit$562                 cstackCOMMON 0074
_isr                         text20       0CBE
_last_update                 nvBANK1      00BE
_main                        maintext     065D
_month_length                strings      009A
_printf                      text14       04E8
_putch                       text15       00F3
_sync_interval               dataBANK0    0055
_sync_next                   nvBANK1      00C2
_sys_time                    nvBANK0      0051
_tick_get                    text4        0CDE
_tick_init                   text13       0CCE
_tick_read_internal          text5        0D43
_tick_update                 text21       0CF1
_tickbuffer                  bssBANK1     00C7
_tickcnt                     bssCOMMON    0076
_time_break                  text9        0108
_time_break$247              cstackBANK0  003E
_time_break$248              cstackBANK0  0040
_time_get                    text2        0F00
_time_is_leap                text10       0DD9
_time_is_leap$210            cstackBANK0  0030
_time_make                   text7        032D
_time_provider               text6        0D05
_time_provider_callback      bssBANK0     0059
_time_set                    text3        0EA2
_time_set_provider           text1        0DA0
btemp                        (abs)        007E
end_of_initialization        cinit        0031
fpbase                       functab      0105
fptable                      functab      0100
fptotal                      (abs)        0002
interrupt_function           intentry     0004
intlevel0                    functab      0100
intlevel1                    functab      0100
intlevel2                    functab      0100
intlevel3                    functab      0100
intlevel4                    functab      0100
intlevel5                    functab      0100
isdigit@c                    cstackCOMMON 0075
ltemp                        (abs)        007E
ltemp0                       (abs)        007E
ltemp1                       (abs)        0082
ltemp2                       (abs)        0086
ltemp3                       (abs)        0080
main@last                    cstackBANK1  00A4
main@now                     cstackBANK1  00A0
main@tinfo                   cstackBANK1  00A8
printf@_val                  cstackBANK0  003D
printf@ap                    cstackBANK0  003B
printf@c                     cstackBANK0  0045
printf@f                     cstackBANK0  0042
printf@flag                  cstackBANK0  0041
printf@prec                  cstackBANK0  003C
printf@width                 cstackBANK0  0043
putch@data                   cstackCOMMON 0074
reset_vec                    reset_vec    0000
saved_w                      (abs)        007E
stackhi                      (abs)        0000
stacklo                      (abs)        0000
start                        init         0011
start_initialization         cinit        0013
time_break@days              cstackBANK0  0042
time_break@month             cstackBANK0  0048
time_break@monthLength       cstackBANK0  0046
time_break@timeinfo          cstackBANK0  0035
time_break@timeinput         cstackBANK0  0031
time_break@xTime             cstackBANK0  0049
time_break@year              cstackBANK0  0047
time_get@now                 cstackBANK0  0034
time_is_leap@year            cstackBANK0  002C
time_make@i                  cstackBANK0  003F
time_make@timeinfo           cstackBANK0  0041
time_make@tstamp             cstackBANK0  003B
time_set@now                 cstackBANK0  0024
time_set_provider@callback   cstackBANK0  003C
time_set_provider@timespan   cstackBANK0  0038
ttemp                        (abs)        007E
ttemp0                       (abs)        007E
ttemp1                       (abs)        0081
ttemp2                       (abs)        0084
ttemp3                       (abs)        0087
ttemp4                       (abs)        007F
wtemp                        (abs)        007E
wtemp0                       (abs)        007E
wtemp1                       (abs)        0080
wtemp2                       (abs)        0082
wtemp3                       (abs)        0084
wtemp4                       (abs)        0086
wtemp5                       (abs)        0088
wtemp6                       (abs)        007F


FUNCTION INFORMATION:

 *************** function _main *****************
 Defined at:
		line 39 in file "main.c"
 Parameters:    Size  Location     Type
		None
 Auto vars:     Size  Location     Type
  tinfo          18    8[BANK1 ] struct tm
  last            4    4[BANK1 ] unsigned long 
  now             4    0[BANK1 ] long 
 Return value:  Size  Location     Type
		None               void
 Registers used:
		wreg, fsr0l, fsr0h, status,2, status,0, btemp+1, pclath, cstack
 Tracked objects:
		On entry : 
		On exit  : 
		Unchanged: 
 Data sizes:     COMMON   BANK0   BANK1   BANK3   BANK2
      Params:         0       0       0       0       0
      Locals:         0       0      26       0       0
      Temps:          0       4       0       0       0
      Totals:         0       4      26       0       0
Total ram usage:       30 bytes
 Hardware stack levels required when called:    7
 This function calls:
		_printf
		_tick_get
		_tick_init
		_time_break
		_time_get
		_time_make
		_time_set
		_time_set_provider
 This function is called by:
		Startup code after reset
 This function uses a non-reentrant model


 *************** function _time_set_provider *****************
 Defined at:
		line 189 in file "../TimeLib.c"
 Parameters:    Size  Location     Type
  callback        1    wreg     PTR FTN()long 
		 -> time_provider(4), 
  timespan        4   24[BANK0 ] long 
 Auto vars:     Size  Location     Type
  callback        1   28[BANK0 ] PTR FTN()long 
		 -> time_provider(4), 
 Return value:  Size  Location     Type
		None               void
 Registers used:
		wreg, fsr0l, fsr0h, status,2, status,0, btemp+1, pclath, cstack
 Tracked objects:
		On entry : 
		On exit  : 
		Unchanged: 
 Data sizes:     COMMON   BANK0   BANK1   BANK3   BANK2
      Params:         0       4       0       0       0
      Locals:         0       1       0       0       0
      Temps:          1       0       0       0       0
      Totals:         1       5       0       0       0
Total ram usage:        6 bytes
 Hardware stack levels used:    1
 Hardware stack levels required when called:    6
 This function calls:
		_time_get
 This function is called by:
		_main
 This function uses a non-reentrant model


 *************** function _time_get *****************
 Defined at:
		line 74 in file "../TimeLib.c"
 Parameters:    Size  Location     Type
		None
 Auto vars:     Size  Location     Type
  now             4   20[BANK0 ] long 
 Return value:  Size  Location     Type
                  4   12[BANK0 ] long 
 Registers used:
		wreg, fsr0l, fsr0h, status,2, status,0, btemp+1, pclath, cstack
 Tracked objects:
		On entry : 
		On exit  : 
		Unchanged: 
 Data sizes:     COMMON   BANK0   BANK1   BANK3   BANK2
      Params:         0       4       0       0       0
      Locals:         0       4       0       0       0
      Temps:          0       4       0       0       0
      Totals:         0      12       0       0       0
Total ram usage:       12 bytes
 Hardware stack levels used:    1
 Hardware stack levels required when called:    5
 This function calls:
		Absolute function
		_tick_get
		_time_provider
		_time_set
 This function is called by:
		_main
		_time_set_provider
 This function uses a non-reentrant model


 *************** function _time_set *****************
 Defined at:
		line 66 in file "../TimeLib.c"
 Parameters:    Size  Location     Type
  now             4    4[BANK0 ] long 
 Auto vars:     Size  Location     Type
		None
 Return value:  Size  Location     Type
		None               void
 Registers used:
		wreg, fsr0l, fsr0h, status,2, status,0, pclath, cstack
 Tracked objects:
		On entry : 
		On exit  : 
		Unchanged: 
 Data sizes:     COMMON   BANK0   BANK1   BANK3   BANK2
      Params:         0       4       0       0       0
      Locals:         0       0       0       0       0
      Temps:          0       4       0       0       0
      Totals:         0       8       0       0       0
Total ram usage:        8 bytes
 Hardware stack levels used:    1
 Hardware stack levels required when called:    4
 This function calls:
		_tick_get
 This function is called by:
		_main
		_time_get
 This function uses a non-reentrant model


 *************** function _tick_get *****************
 Defined at:
		line 44 in file "../Tick/Tick-PIC16.c"
 Parameters:    Size  Location     Type
		None
 Auto vars:     Size  Location     Type
		None
 Return value:  Size  Location     Type
                  4    0[BANK0 ] unsigned long 
 Registers used:
		wreg, fsr0l, fsr0h, status,2, status,0, pclath, cstack
 Tracked objects:
		On entry : 
		On exit  : 
		Unchanged: 
 Data sizes:     COMMON   BANK0   BANK1   BANK3   BANK2
      Params:         0       4       0       0       0
      Locals:         0       0       0       0       0
      Temps:          0       0       0       0       0
      Totals:         0       4       0       0       0
Total ram usage:        4 bytes
 Hardware stack levels used:    1
 Hardware stack levels required when called:    3
 This function calls:
		_tick_read_internal
 This function is called by:
		_main
		_time_set
		_time_get
 This function uses a non-reentrant model


 *************** function _tick_read_internal *****************
 Defined at:
		line 58 in file "../Tick/Tick-PIC16.c"
 Parameters:    Size  Location     Type
		None
 Auto vars:     Size  Location     Type
		None
 Return value:  Size  Location     Type
		None               void
 Registers used:
		wreg
 Tracked objects:
		On entry : 
		On exit  : 
		Unchanged: 
 Data sizes:     COMMON   BANK0   BANK1   BANK3   BANK2
      Params:         0       0       0       0       0
      Locals:         0       0       0       0       0
      Temps:          1       0       0       0       0
      Totals:         1       0       0       0       0
Total ram usage:        1 bytes
 Hardware stack levels used:    1
 Hardware stack levels required when called:    2
 This function calls:
		Nothing
 This function is called by:
		_tick_get
 This function uses a non-reentrant model


 *************** function _time_provider *****************
 Defined at:
		line 89 in file "main.c"
 Parameters:    Size  Location     Type
		None
 Auto vars:     Size  Location     Type
		None
 Return value:  Size  Location     Type
                  4    0[BANK0 ] long 
 Registers used:
		wreg
 Tracked objects:
		On entry : 
		On exit  : 
		Unchanged: 
 Data sizes:     COMMON   BANK0   BANK1   BANK3   BANK2
      Params:         0       4       0       0       0
      Locals:         0       0       0       0       0
      Temps:          0       0       0       0       0
      Totals:         0       4       0       0       0
Total ram usage:        4 bytes
 Hardware stack levels used:    1
 Hardware stack levels required when called:    2
 This function calls:
		Nothing
 This function is called by:
		_main
		_time_get
 This function uses a non-reentrant model


 *************** function _time_make *****************
 Defined at:
		line 105 in file "../TimeLib.c"
 Parameters:    Size  Location     Type
  timeinfo        1    wreg     PTR struct tm
		 -> main@tinfo(18), 
 Auto vars:     Size  Location     Type
  timeinfo        1   33[BANK0 ] PTR struct tm
		 -> main@tinfo(18), 
  tstamp          4   27[BANK0 ] unsigned long 
  i               2   31[BANK0 ] int 
 Return value:  Size  Location     Type
                  4   17[BANK0 ] long 
 Registers used:
		wreg, fsr0l, fsr0h, status,2, status,0, pclath, cstack
 Tracked objects:
		On entry : 
		On exit  : 
		Unchanged: 
 Data sizes:     COMMON   BANK0   BANK1   BANK3   BANK2
      Params:         0       4       0       0       0
      Locals:         0       7       0       0       0
      Temps:          0       6       0       0       0
      Totals:         0      17       0       0       0
Total ram usage:       17 bytes
 Hardware stack levels used:    1
 Hardware stack levels required when called:    4
 This function calls:
		___lmul
		_time_is_leap
 This function is called by:
		_main
 This function uses a non-reentrant model


 *************** function ___lmul *****************
 Defined at:
		line 15 in file "C:\Program Files (x86)\Microchip\xc8\v1.33\sources\common\Umul32.c"
 Parameters:    Size  Location     Type
  multiplier      4    0[BANK0 ] unsigned long 
  multiplicand    4    4[BANK0 ] unsigned long 
 Auto vars:     Size  Location     Type
  product         4    8[BANK0 ] unsigned long 
 Return value:  Size  Location     Type
                  4    0[BANK0 ] unsigned long 
 Registers used:
		wreg, status,2, status,0
 Tracked objects:
		On entry : 
		On exit  : 
		Unchanged: 
 Data sizes:     COMMON   BANK0   BANK1   BANK3   BANK2
      Params:         0       8       0       0       0
      Locals:         0       4       0       0       0
      Temps:          1       0       0       0       0
      Totals:         1      12       0       0       0
Total ram usage:       13 bytes
 Hardware stack levels used:    1
 Hardware stack levels required when called:    2
 This function calls:
		Nothing
 This function is called by:
		_time_make
 This function uses a non-reentrant model


 *************** function _time_break *****************
 Defined at:
		line 135 in file "../TimeLib.c"
 Parameters:    Size  Location     Type
  timeinput       4   17[BANK0 ] long 
  timeinfo        1   21[BANK0 ] PTR struct tm
		 -> main@tinfo(18), 
 Auto vars:     Size  Location     Type
  xTime           4   41[BANK0 ] unsigned long 
  days            4   34[BANK0 ] unsigned long 
  month           1   40[BANK0 ] unsigned char 
  year            1   39[BANK0 ] unsigned char 
  monthLength     1   38[BANK0 ] unsigned char 
 Return value:  Size  Location     Type
		None               void
 Registers used:
		wreg, fsr0l, fsr0h, status,2, status,0, pclath, cstack
 Tracked objects:
		On entry : 
		On exit  : 
		Unchanged: 
 Data sizes:     COMMON   BANK0   BANK1   BANK3   BANK2
      Params:         0       5       0       0       0
      Locals:         0      15       0       0       0
      Temps:          0       8       0       0       0
      Totals:         0      28       0       0       0
Total ram usage:       28 bytes
 Hardware stack levels used:    1
 Hardware stack levels required when called:    4
 This function calls:
		___lldiv
		___llmod
		_time_is_leap
 This function is called by:
		_main
 This function uses a non-reentrant model


 *************** function _time_is_leap *****************
 Defined at:
		line 56 in file "../TimeLib.c"
 Parameters:    Size  Location     Type
  year            2   12[BANK0 ] unsigned int 
 Auto vars:     Size  Location     Type
		None
 Return value:  Size  Location     Type
                  2   12[BANK0 ] int 
 Registers used:
		wreg, status,2, status,0, pclath, cstack
 Tracked objects:
		On entry : 
		On exit  : 
		Unchanged: 
 Data sizes:     COMMON   BANK0   BANK1   BANK3   BANK2
      Params:         0       2       0       0       0
      Locals:         0       1       0       0       0
      Temps:          0       2       0       0       0
      Totals:         0       5       0       0       0
Total ram usage:        5 bytes
 Hardware stack levels used:    1
 Hardware stack levels required when called:    3
 This function calls:
		___lwmod
 This function is called by:
		_time_make
		_time_break
 This function uses a non-reentrant model


 *************** function ___llmod *****************
 Defined at:
		line 6 in file "C:\Program Files (x86)\Microchip\xc8\v1.33\sources\common\llmod.c"
 Parameters:    Size  Location     Type
  divisor         4    0[BANK0 ] unsigned long 
  dividend        4    4[BANK0 ] unsigned long 
 Auto vars:     Size  Location     Type
  counter         1    5[COMMON] unsigned char 
 Return value:  Size  Location     Type
                  4    0[BANK0 ] unsigned long 
 Registers used:
		wreg, status,2, status,0
 Tracked objects:
		On entry : 
		On exit  : 
		Unchanged: 
 Data sizes:     COMMON   BANK0   BANK1   BANK3   BANK2
      Params:         0       8       0       0       0
      Locals:         1       0       0       0       0
      Temps:          1       0       0       0       0
      Totals:         2       8       0       0       0
Total ram usage:       10 bytes
 Hardware stack levels used:    1
 Hardware stack levels required when called:    2
 This function calls:
		Nothing
 This function is called by:
		_time_break
 This function uses a non-reentrant model


 *************** function ___lldiv *****************
 Defined at:
		line 6 in file "C:\Program Files (x86)\Microchip\xc8\v1.33\sources\common\lldiv.c"
 Parameters:    Size  Location     Type
  divisor         4    0[BANK0 ] unsigned long 
  dividend        4    4[BANK0 ] unsigned long 
 Auto vars:     Size  Location     Type
  quotient        4    8[BANK0 ] unsigned long 
  counter         1   12[BANK0 ] unsigned char 
 Return value:  Size  Location     Type
                  4    0[BANK0 ] unsigned long 
 Registers used:
		wreg, status,2, status,0
 Tracked objects:
		On entry : 
		On exit  : 
		Unchanged: 
 Data sizes:     COMMON   BANK0   BANK1   BANK3   BANK2
      Params:         0       8       0       0       0
      Locals:         0       5       0       0       0
      Temps:          1       0       0       0       0
      Totals:         1      13       0       0       0
Total ram usage:       14 bytes
 Hardware stack levels used:    1
 Hardware stack levels required when called:    2
 This function calls:
		Nothing
 This function is called by:
		_time_break
 This function uses a non-reentrant model


 *************** function _tick_init *****************
 Defined at:
		line 30 in file "../Tick/Tick-PIC16.c"
 Parameters:    Size  Location     Type
		None
 Auto vars:     Size  Location     Type
		None
 Return value:  Size  Location     Type
		None               void
 Registers used:
		wreg, status,2
 Tracked objects:
		On entry : 
		On exit  : 
		Unchanged: 
 Data sizes:     COMMON   BANK0   BANK1   BANK3   BANK2
      Params:         0       0       0       0       0
      Locals:         0       0       0       0       0
      Temps:          0       0       0       0       0
      Totals:         0       0       0       0       0
Total ram usage:        0 bytes
 Hardware stack levels used:    1
 Hardware stack levels required when called:    2
 This function calls:
		Nothing
 This function is called by:
		_main
 This function uses a non-reentrant model


 *************** function _printf *****************
 Defined at:
		line 464 in file "C:\Program Files (x86)\Microchip\xc8\v1.33\sources\common\doprnt.c"
 Parameters:    Size  Location     Type
  f               1    wreg     PTR const unsigned char 
		 -> STR_2(44), STR_1(23), 
 Auto vars:     Size  Location     Type
  f               1   34[BANK0 ] PTR const unsigned char 
		 -> STR_2(44), STR_1(23), 
  _val            4   29[BANK0 ] struct .
  width           2   35[BANK0 ] int 
  c               1   37[BANK0 ] char 
  flag            1   33[BANK0 ] unsigned char 
  prec            1   28[BANK0 ] char 
  ap              1   27[BANK0 ] PTR void [1]
		 -> ?_printf(2), 
 Return value:  Size  Location     Type
                  2   12[BANK0 ] int 
 Registers used:
		wreg, fsr0l, fsr0h, status,2, status,0, btemp+1, pclath, cstack
 Tracked objects:
		On entry : 
		On exit  : 
		Unchanged: 
 Data sizes:     COMMON   BANK0   BANK1   BANK3   BANK2
      Params:         0      12       0       0       0
      Locals:         0      11       0       0       0
      Temps:          0       3       0       0       0
      Totals:         0      26       0       0       0
Total ram usage:       26 bytes
 Hardware stack levels used:    1
 Hardware stack levels required when called:    3
 This function calls:
		___lwdiv
		___lwmod
		___wmul
		_isdigit
		_putch
 This function is called by:
		_main
 This function uses a non-reentrant model


 *************** function _putch *****************
 Defined at:
		line 103 in file "main.c"
 Parameters:    Size  Location     Type
  data            1    wreg     unsigned char 
 Auto vars:     Size  Location     Type
  data            1    4[COMMON] unsigned char 
 Return value:  Size  Location     Type
		None               void
 Registers used:
		wreg
 Tracked objects:
		On entry : 
		On exit  : 
		Unchanged: 
 Data sizes:     COMMON   BANK0   BANK1   BANK3   BANK2
      Params:         0       0       0       0       0
      Locals:         1       0       0       0       0
      Temps:          0       0       0       0       0
      Totals:         1       0       0       0       0
Total ram usage:        1 bytes
 Hardware stack levels used:    1
 Hardware stack levels required when called:    2
 This function calls:
		Nothing
 This function is called by:
		_printf
 This function uses a non-reentrant model


 *************** function _isdigit *****************
 Defined at:
		line 8 in file "C:\Program Files (x86)\Microchip\xc8\v1.33\sources\common\isdigit.c"
 Parameters:    Size  Location     Type
  c               1    wreg     unsigned char 
 Auto vars:     Size  Location     Type
  c               1    5[COMMON] unsigned char 
 Return value:  Size  Location     Type
		None               void
 Registers used:
		wreg, status,2, status,0
 Tracked objects:
		On entry : 
		On exit  : 
		Unchanged: 
 Data sizes:     COMMON   BANK0   BANK1   BANK3   BANK2
      Params:         0       0       0       0       0
      Locals:         2       0       0       0       0
      Temps:          0       0       0       0       0
      Totals:         2       0       0       0       0
Total ram usage:        2 bytes
 Hardware stack levels used:    1
 Hardware stack levels required when called:    2
 This function calls:
		Nothing
 This function is called by:
		_printf
 This function uses a non-reentrant model


 *************** function ___wmul *****************
 Defined at:
		line 15 in file "C:\Program Files (x86)\Microchip\xc8\v1.33\sources\common\Umul16.c"
 Parameters:    Size  Location     Type
  multiplier      2    0[BANK0 ] unsigned int 
  multiplicand    2    2[BANK0 ] unsigned int 
 Auto vars:     Size  Location     Type
  product         2    4[COMMON] unsigned int 
 Return value:  Size  Location     Type
                  2    0[BANK0 ] unsigned int 
 Registers used:
		wreg, status,2, status,0
 Tracked objects:
		On entry : 
		On exit  : 
		Unchanged: 
 Data sizes:     COMMON   BANK0   BANK1   BANK3   BANK2
      Params:         0       4       0       0       0
      Locals:         2       0       0       0       0
      Temps:          0       0       0       0       0
      Totals:         2       4       0       0       0
Total ram usage:        6 bytes
 Hardware stack levels used:    1
 Hardware stack levels required when called:    2
 This function calls:
		Nothing
 This function is called by:
		_printf
 This function uses a non-reentrant model


 *************** function ___lwmod *****************
 Defined at:
		line 6 in file "C:\Program Files (x86)\Microchip\xc8\v1.33\sources\common\lwmod.c"
 Parameters:    Size  Location     Type
  divisor         2    7[BANK0 ] unsigned int 
  dividend        2    9[BANK0 ] unsigned int 
 Auto vars:     Size  Location     Type
  counter         1   11[BANK0 ] unsigned char 
 Return value:  Size  Location     Type
                  2    7[BANK0 ] unsigned int 
 Registers used:
		wreg, status,2, status,0
 Tracked objects:
		On entry : 
		On exit  : 
		Unchanged: 
 Data sizes:     COMMON   BANK0   BANK1   BANK3   BANK2
      Params:         0       4       0       0       0
      Locals:         0       1       0       0       0
      Temps:          1       0       0       0       0
      Totals:         1       5       0       0       0
Total ram usage:        6 bytes
 Hardware stack levels used:    1
 Hardware stack levels required when called:    2
 This function calls:
		Nothing
 This function is called by:
		_time_is_leap
		_printf
 This function uses a non-reentrant model


 *************** function ___lwdiv *****************
 Defined at:
		line 6 in file "C:\Program Files (x86)\Microchip\xc8\v1.33\sources\common\lwdiv.c"
 Parameters:    Size  Location     Type
  divisor         2    0[BANK0 ] unsigned int 
  dividend        2    2[BANK0 ] unsigned int 
 Auto vars:     Size  Location     Type
  quotient        2    5[BANK0 ] unsigned int 
  counter         1    4[BANK0 ] unsigned char 
 Return value:  Size  Location     Type
                  2    0[BANK0 ] unsigned int 
 Registers used:
		wreg, status,2, status,0
 Tracked objects:
		On entry : 
		On exit  : 
		Unchanged: 
 Data sizes:     COMMON   BANK0   BANK1   BANK3   BANK2
      Params:         0       4       0       0       0
      Locals:         0       3       0       0       0
      Temps:          1       0       0       0       0
      Totals:         1       7       0       0       0
Total ram usage:        8 bytes
 Hardware stack levels used:    1
 Hardware stack levels required when called:    2
 This function calls:
		Nothing
 This function is called by:
		_printf
 This function uses a non-reentrant model


 *************** function _isr *****************
 Defined at:
		line 116 in file "main.c"
 Parameters:    Size  Location     Type
		None
 Auto vars:     Size  Location     Type
		None
 Return value:  Size  Location     Type
		None               void
 Registers used:
		wreg, status,2, status,0, pclath, cstack
 Tracked objects:
		On entry : 
		On exit  : 
		Unchanged: 
 Data sizes:     COMMON   BANK0   BANK1   BANK3   BANK2
      Params:         0       0       0       0       0
      Locals:         0       0       0       0       0
      Temps:          4       0       0       0       0
      Totals:         4       0       0       0       0
Total ram usage:        4 bytes
 Hardware stack levels used:    1
 Hardware stack levels required when called:    1
 This function calls:
		_tick_update
 This function is called by:
		Interrupt level 1
 This function uses a non-reentrant model


 *************** function _tick_update *****************
 Defined at:
		line 50 in file "../Tick/Tick-PIC16.c"
 Parameters:    Size  Location     Type
		None
 Auto vars:     Size  Location     Type
		None
 Return value:  Size  Location     Type
		None               void
 Registers used:
		wreg
 Tracked objects:
		On entry : 
		On exit  : 
		Unchanged: 
 Data sizes:     COMMON   BANK0   BANK1   BANK3   BANK2
      Params:         0       0       0       0       0
      Locals:         0       0       0       0       0
      Temps:          0       0       0       0       0
      Totals:         0       0       0       0       0
Total ram usage:        0 bytes
 Hardware stack levels used:    1
 This function calls:
		Nothing
 This function is called by:
		_isr
 This function uses a non-reentrant model



MODULE INFORMATION

Module		Function		Class		Link	Load	Size
C:\Program Files (x86)\Microchip\xc8\v1.33\sources\common\doprnt.c
		_printf        		CODE           	04E8	0000	373

C:\Program Files (x86)\Microchip\xc8\v1.33\sources\common\doprnt.c estimated size: 373

../Tick/Tick-PIC16.c
		_tick_init     		CODE           	0CCE	0000	16
		_tick_get      		CODE           	0CDE	0000	19
		_tick_read_inte		CODE           	0D43	0000	39
		_tick_update   		CODE           	0CF1	0000	20

../Tick/Tick-PIC16.c estimated size: 94

C:\Program Files (x86)\Microchip\xc8\v1.33\sources\common\lwmod.c
		___lwmod       		CODE           	0D6A	0000	54

C:\Program Files (x86)\Microchip\xc8\v1.33\sources\common\lwmod.c estimated size: 54

../TimeLib.c
		_time_get      		CODE           	0F00	0000	256
		_time_set      		CODE           	0EA2	0000	94
		_time_break    		CODE           	0108	0000	549
		_time_make     		CODE           	032D	0000	443
		_time_is_leap  		CODE           	0DD9	0000	59
		_time_set_provi		CODE           	0DA0	0000	57

../TimeLib.c estimated size: 1458

C:\Program Files (x86)\Microchip\xc8\v1.33\sources\common\Umul16.c
		___wmul        		CODE           	0D1E	0000	37

C:\Program Files (x86)\Microchip\xc8\v1.33\sources\common\Umul16.c estimated size: 37

C:\Program Files (x86)\Microchip\xc8\v1.33\sources\common\llmod.c
		___llmod       		CODE           	0E54	0000	78

C:\Program Files (x86)\Microchip\xc8\v1.33\sources\common\llmod.c estimated size: 78

C:\Program Files (x86)\Microchip\xc8\v1.33\sources\common\Umul32.c
		___lmul        		CODE           	07BD	0000	65

C:\Program Files (x86)\Microchip\xc8\v1.33\sources\common\Umul32.c estimated size: 65

C:\Program Files (x86)\Microchip\xc8\v1.33\sources\common\lwdiv.c
		___lwdiv       		CODE           	0E14	0000	64

C:\Program Files (x86)\Microchip\xc8\v1.33\sources\common\lwdiv.c estimated size: 64

C:\Program Files (x86)\Microchip\xc8\v1.33\sources\common\lldiv.c
		___lldiv       		CODE           	0034	0000	96

C:\Program Files (x86)\Microchip\xc8\v1.33\sources\common\lldiv.c estimated size: 96

shared
		__stringtab    		STRING         	0094	0000	6
		__stringdata   		STRING         	00B0	0000	67
		_dpowers       		STRING         	00A6	0000	10
		_month_length  		STRING         	009A	0000	12
		__initializatio		CODE           	0013	0000	30
		__fptable      		CODE           	0100	0000	8

shared estimated size: 133

main.c
		_putch         		CODE           	00F3	0000	13
		_main          		CODE           	065D	0000	352
		_time_provider 		CODE           	0D05	0000	25
		_isr           		CODE           	0CBE	0000	16

main.c estimated size: 406

C:\Program Files (x86)\Microchip\xc8\v1.33\sources\common\isdigit.c
		_isdigit       		CODE           	0CB0	0000	14

C:\Program Files (x86)\Microchip\xc8\v1.33\sources\common\isdigit.c estimated size: 14

